login as: ubuntu
Authenticating with public key "imported-openssh-key"
Welcome to Ubuntu 20.04.2 LTS (GNU/Linux 5.4.0-1045-aws x86_64)

 * Documentation:  https://help.ubuntu.com
 * Management:     https://landscape.canonical.com
 * Support:        https://ubuntu.com/advantage

  System information as of Tue Aug  3 02:58:29 UTC 2021

  System load:  0.04               Processes:             163
  Usage of /:   0.1% of 969.35GB   Users logged in:       0
  Memory usage: 1%                 IPv4 address for ens5: 172.31.27.72
  Swap usage:   0%

1 update can be applied immediately.
To see these additional updates run: apt list --upgradable


The list of available updates is more than a week old.
To check for new updates run: sudo apt update


The programs included with the Ubuntu system are free software;
the exact distribution terms for each program are described in the
individual files in /usr/share/doc/*/copyright.

Ubuntu comes with ABSOLUTELY NO WARRANTY, to the extent permitted by
applicable law.

To run a command as administrator (user "root"), use "sudo <command>".
See "man sudo_root" for details.

ubuntu@ip-172-31-27-72:~$ apt update -y
Reading package lists... Done
E: Could not open lock file /var/lib/apt/lists/lock - open (13: Permission denie                                                                                        d)
E: Unable to lock directory /var/lib/apt/lists/
W: Problem unlinking the file /var/cache/apt/pkgcache.bin - RemoveCaches (13: Pe                                                                                        rmission denied)
W: Problem unlinking the file /var/cache/apt/srcpkgcache.bin - RemoveCaches (13:                                                                                         Permission denied)
ubuntu@ip-172-31-27-72:~$ sudo -i
root@ip-172-31-27-72:~# apt upadte -y
E: Invalid operation upadte
root@ip-172-31-27-72:~# apt update -y
Hit:1 http://ap-south-1.ec2.archive.ubuntu.com/ubuntu focal InRelease
Get:2 http://ap-south-1.ec2.archive.ubuntu.com/ubuntu focal-updates InRelease [1                                                                                        14 kB]
Get:3 http://security.ubuntu.com/ubuntu focal-security InRelease [114 kB]
Get:4 http://ap-south-1.ec2.archive.ubuntu.com/ubuntu focal-backports InRelease                                                                                         [101 kB]
Get:5 http://ap-south-1.ec2.archive.ubuntu.com/ubuntu focal/universe amd64 Packa                                                                                        ges [8628 kB]
Get:6 http://security.ubuntu.com/ubuntu focal-security/main amd64 Packages [792                                                                                         kB]
Get:7 http://ap-south-1.ec2.archive.ubuntu.com/ubuntu focal/universe Translation                                                                                        -en [5124 kB]
Get:8 http://ap-south-1.ec2.archive.ubuntu.com/ubuntu focal/universe amd64 c-n-f                                                                                         Metadata [265 kB]
Get:9 http://ap-south-1.ec2.archive.ubuntu.com/ubuntu focal/multiverse amd64 Pac                                                                                        kages [144 kB]
Get:10 http://ap-south-1.ec2.archive.ubuntu.com/ubuntu focal/multiverse Translat                                                                                        ion-en [104 kB]
Get:11 http://ap-south-1.ec2.archive.ubuntu.com/ubuntu focal/multiverse amd64 c-                                                                                        n-f Metadata [9136 B]
Get:12 http://ap-south-1.ec2.archive.ubuntu.com/ubuntu focal-updates/main amd64                                                                                         Packages [1131 kB]
Get:13 http://ap-south-1.ec2.archive.ubuntu.com/ubuntu focal-updates/main Transl                                                                                        ation-en [247 kB]
Get:14 http://ap-south-1.ec2.archive.ubuntu.com/ubuntu focal-updates/main amd64                                                                                         c-n-f Metadata [13.9 kB]
Get:15 http://ap-south-1.ec2.archive.ubuntu.com/ubuntu focal-updates/restricted                                                                                         amd64 Packages [367 kB]
Get:16 http://ap-south-1.ec2.archive.ubuntu.com/ubuntu focal-updates/restricted                                                                                         Translation-en [52.9 kB]
Get:17 http://ap-south-1.ec2.archive.ubuntu.com/ubuntu focal-updates/restricted                                                                                         amd64 c-n-f Metadata [456 B]
Get:18 http://ap-south-1.ec2.archive.ubuntu.com/ubuntu focal-updates/universe am                                                                                        d64 Packages [843 kB]
Get:19 http://ap-south-1.ec2.archive.ubuntu.com/ubuntu focal-updates/universe Tr                                                                                        anslation-en [177 kB]
Get:20 http://ap-south-1.ec2.archive.ubuntu.com/ubuntu focal-updates/universe am                                                                                        d64 c-n-f Metadata [18.4 kB]
Get:21 http://ap-south-1.ec2.archive.ubuntu.com/ubuntu focal-updates/multiverse                                                                                         amd64 Packages [28.7 kB]
Get:22 http://ap-south-1.ec2.archive.ubuntu.com/ubuntu focal-updates/multiverse                                                                                         Translation-en [7092 B]
Get:23 http://ap-south-1.ec2.archive.ubuntu.com/ubuntu focal-updates/multiverse                                                                                         amd64 c-n-f Metadata [680 B]
Get:24 http://ap-south-1.ec2.archive.ubuntu.com/ubuntu focal-backports/main amd6                                                                                        4 Packages [2568 B]
Get:25 http://ap-south-1.ec2.archive.ubuntu.com/ubuntu focal-backports/main Tran                                                                                        slation-en [1120 B]
Get:26 http://ap-south-1.ec2.archive.ubuntu.com/ubuntu focal-backports/main amd6                                                                                        4 c-n-f Metadata [400 B]
Get:27 http://ap-south-1.ec2.archive.ubuntu.com/ubuntu focal-backports/restricte                                                                                        d amd64 c-n-f Metadata [116 B]
Get:28 http://ap-south-1.ec2.archive.ubuntu.com/ubuntu focal-backports/universe                                                                                         amd64 Packages [5800 B]
Get:29 http://ap-south-1.ec2.archive.ubuntu.com/ubuntu focal-backports/universe                                                                                         Translation-en [2068 B]
Get:30 http://ap-south-1.ec2.archive.ubuntu.com/ubuntu focal-backports/universe                                                                                         amd64 c-n-f Metadata [288 B]
Get:31 http://ap-south-1.ec2.archive.ubuntu.com/ubuntu focal-backports/multivers                                                                                        e amd64 c-n-f Metadata [116 B]
Get:32 http://security.ubuntu.com/ubuntu focal-security/main Translation-en [156                                                                                         kB]
Get:33 http://security.ubuntu.com/ubuntu focal-security/main amd64 c-n-f Metadat                                                                                        a [8368 B]
Get:34 http://security.ubuntu.com/ubuntu focal-security/restricted amd64 Package                                                                                        s [330 kB]
Get:35 http://security.ubuntu.com/ubuntu focal-security/restricted Translation-e                                                                                        n [47.6 kB]
Get:36 http://security.ubuntu.com/ubuntu focal-security/restricted amd64 c-n-f M                                                                                        etadata [460 B]
Get:37 http://security.ubuntu.com/ubuntu focal-security/universe amd64 Packages                                                                                         [635 kB]
Get:38 http://security.ubuntu.com/ubuntu focal-security/universe Translation-en                                                                                         [98.4 kB]
Get:39 http://security.ubuntu.com/ubuntu focal-security/universe amd64 c-n-f Met                                                                                        adata [12.1 kB]
Get:40 http://security.ubuntu.com/ubuntu focal-security/multiverse amd64 Package                                                                                        s [22.3 kB]
Get:41 http://security.ubuntu.com/ubuntu focal-security/multiverse Translation-e                                                                                        n [5072 B]
Get:42 http://security.ubuntu.com/ubuntu focal-security/multiverse amd64 c-n-f M                                                                                        etadata [568 B]
Fetched 19.6 MB in 5s (4261 kB/s)
Reading package lists... Done
Building dependency tree
Reading state information... Done
95 packages can be upgraded. Run 'apt list --upgradable' to see them.
root@ip-172-31-27-72:~# dock
Reading package lists... Done
Building dependency tree
Reading state information... Done
The following additional packages will be installed:
  bridge-utils containerd dns-root-data dnsmasq-base libidn11 pigz runc
  ubuntu-fan
Suggested packages:
  ifupdown aufs-tools cgroupfs-mount | cgroup-lite debootstrap docker-doc
  rinse zfs-fuse | zfsutils
The following NEW packages will be installed:
  bridge-utils containerd dns-root-data dnsmasq-base docker.io libidn11 pigz
  runc ubuntu-fan
0 upgraded, 9 newly installed, 0 to remove and 95 not upgraded.
Need to get 74.4 MB of archives.
After this operation, 360 MB of additional disk space will be used.
Get:1 http://ap-south-1.ec2.archive.ubuntu.com/ubuntu focal/universe amd64 pigz                                                                                         amd64 2.4-1 [57.4 kB]
Get:2 http://ap-south-1.ec2.archive.ubuntu.com/ubuntu focal/main amd64 bridge-ut                                                                                        ils amd64 1.6-2ubuntu1 [30.5 kB]
Get:3 http://ap-south-1.ec2.archive.ubuntu.com/ubuntu focal-updates/main amd64 r                                                                                        unc amd64 1.0.0~rc95-0ubuntu1~20.04.2 [4087 kB]
Get:4 http://ap-south-1.ec2.archive.ubuntu.com/ubuntu focal-updates/main amd64 c                                                                                        ontainerd amd64 1.5.2-0ubuntu1~20.04.2 [32.9 MB]
Get:5 http://ap-south-1.ec2.archive.ubuntu.com/ubuntu focal/main amd64 dns-root-                                                                                        data all 2019052802 [5300 B]
Get:6 http://ap-south-1.ec2.archive.ubuntu.com/ubuntu focal/main amd64 libidn11                                                                                         amd64 1.33-2.2ubuntu2 [46.2 kB]
Get:7 http://ap-south-1.ec2.archive.ubuntu.com/ubuntu focal-updates/main amd64 d                                                                                        nsmasq-base amd64 2.80-1.1ubuntu1.4 [315 kB]
Get:8 http://ap-south-1.ec2.archive.ubuntu.com/ubuntu focal-updates/universe amd                                                                                        64 docker.io amd64 20.10.2-0ubuntu1~20.04.3 [36.9 MB]
Get:9 http://ap-south-1.ec2.archive.ubuntu.com/ubuntu focal/main amd64 ubuntu-fa                                                                                        n all 0.12.13 [34.5 kB]
Fetched 74.4 MB in 8s (9681 kB/s)
Preconfiguring packages ...
Selecting previously unselected package pigz.
(Reading database ... 60149 files and directories currently installed.)
Preparing to unpack .../0-pigz_2.4-1_amd64.deb ...
Unpacking pigz (2.4-1) ...
Selecting previously unselected package bridge-utils.
Preparing to unpack .../1-bridge-utils_1.6-2ubuntu1_amd64.deb ...
Unpacking bridge-utils (1.6-2ubuntu1) ...
Selecting previously unselected package runc.
Preparing to unpack .../2-runc_1.0.0~rc95-0ubuntu1~20.04.2_amd64.deb ...
Unpacking runc (1.0.0~rc95-0ubuntu1~20.04.2) ...
Selecting previously unselected package containerd.
Preparing to unpack .../3-containerd_1.5.2-0ubuntu1~20.04.2_amd64.deb ...
Unpacking containerd (1.5.2-0ubuntu1~20.04.2) ...
Selecting previously unselected package dns-root-data.
Preparing to unpack .../4-dns-root-data_2019052802_all.deb ...
Unpacking dns-root-data (2019052802) ...
Selecting previously unselected package libidn11:amd64.
Preparing to unpack .../5-libidn11_1.33-2.2ubuntu2_amd64.deb ...
Unpacking libidn11:amd64 (1.33-2.2ubuntu2) ...
Selecting previously unselected package dnsmasq-base.
Preparing to unpack .../6-dnsmasq-base_2.80-1.1ubuntu1.4_amd64.deb ...
Unpacking dnsmasq-base (2.80-1.1ubuntu1.4) ...
Selecting previously unselected package docker.io.
Preparing to unpack .../7-docker.io_20.10.2-0ubuntu1~20.04.3_amd64.deb ...
Unpacking docker.io (20.10.2-0ubuntu1~20.04.3) ...
Selecting previously unselected package ubuntu-fan.
Preparing to unpack .../8-ubuntu-fan_0.12.13_all.deb ...
Unpacking ubuntu-fan (0.12.13) ...
Setting up runc (1.0.0~rc95-0ubuntu1~20.04.2) ...
Setting up dns-root-data (2019052802) ...
Setting up libidn11:amd64 (1.33-2.2ubuntu2) ...
Setting up bridge-utils (1.6-2ubuntu1) ...
Setting up pigz (2.4-1) ...
Setting up containerd (1.5.2-0ubuntu1~20.04.2) ...
Created symlink /etc/systemd/system/multi-user.target.wants/containerd.service ?                                                                                         /lib/systemd/system/containerd.service.
Setting up docker.io (20.10.2-0ubuntu1~20.04.3) ...
Adding group `docker' (GID 119) ...
Done.
Created symlink /etc/systemd/system/multi-user.target.wants/docker.service ? /li                                                                                        b/systemd/system/docker.service.
Created symlink /etc/systemd/system/sockets.target.wants/docker.socket ? /lib/sy                                                                                        stemd/system/docker.socket.
Setting up dnsmasq-base (2.80-1.1ubuntu1.4) ...
Setting up ubuntu-fan (0.12.13) ...
Created symlink /etc/systemd/system/multi-user.target.wants/ubuntu-fan.service ?                                                                                         /lib/systemd/system/ubuntu-fan.service.
Processing triggers for systemd (245.4-4ubuntu3.6) ...
Processing triggers for man-db (2.9.1-1) ...
Processing triggers for dbus (1.12.16-2ubuntu2.1) ...
Processing triggers for libc-bin (2.31-0ubuntu9.2) ...
root@ip-172-31-27-72:~# docker --version
Docker version 20.10.2, build 20.10.2-0ubuntu1~20.04.3
root@ip-172-31-27-72:~# d
login as: ubuntu
Authenticating with public key "imported-openssh-key"
Welcome to Ubuntu 20.04.2 LTS (GNU/Linux 5.4.0-1045-aws x86_64)

 * Documentation:  https://help.ubuntu.com
 * Management:     https://landscape.canonical.com
 * Support:        https://ubuntu.com/advantage

  System information as of Tue Aug  3 03:12:59 UTC 2021

  System load:  0.0                Processes:                155
  Usage of /:   0.2% of 969.35GB   Users logged in:          1
  Memory usage: 1%                 IPv4 address for docker0: 172.17.0.1
  Swap usage:   0%                 IPv4 address for ens5:    172.31.27.72


110 updates can be applied immediately.
53 of these updates are standard security updates.
To see these additional updates run: apt list --upgradable


Last login: Tue Aug  3 02:58:31 2021 from 49.204.198.79
ubuntu@ip-172-31-27-72:~$ sudo -i
root@ip-172-31-27-72:~# docker pull sonarqube
Using default tag: latest
latest: Pulling from library/sonarqube
5843afab3874: Pull complete
a131164fad71: Pull complete
d77763c1bc70: Pull complete
b04c0e4b18e4: Pull complete
8de24c1790a3: Pull complete
Digest: sha256:9c097fb186e363a90e4bcc4691c54c34d0ea3b440352639b592ab860e6d2be47
Status: Downloaded newer image for sonarqube:latest
docker.io/library/sonarqube:latest
root@ip-172-31-27-72:~# docker images
REPOSITORY   TAG       IMAGE ID       CREATED      SIZE
sonarqube    latest    55653611667d   5 days ago   510MB
root@ip-172-31-27-72:~# docker run -it -d --sonar -p 9000:9000 55653611667d
unknown flag: --sonar
See 'docker run --help'.
root@ip-172-31-27-72:~# docker run -it -d --name sonar -p 9000:9000 55653611667d                                                                                        
526889d17d3de8bd15c097b9719087d7165897b1679778e7d7a7946630f68534
root@ip-172-31-27-72:~# docker ps
CONTAINER ID   IMAGE          COMMAND                  CREATED          STATUS                                                                                                  PORTS                    NAMES
526889d17d3d   55653611667d   "bin/run.sh bin/sona…"   13 seconds ago   Up 12 se                                                                                        conds   0.0.0.0:9000->9000/tcp   sonar
root@ip-172-31-27-72:~# docker ps -a
CONTAINER ID   IMAGE          COMMAND                  CREATED         STATUS                                                                                                 PORTS                    NAMES
526889d17d3d   55653611667d   "bin/run.sh bin/sona…"   5 minutes ago   Up 5 minu                                                                                        tes   0.0.0.0:9000->9000/tcp   sonar
root@ip-172-31-27-72:~# docker run -it -d --name sonar1 -p 8085:9000 55653611667                                                                                        d
e510271af4b4d93e88ee78e9690a31c507845610a436645592e507a34d4c34e2
root@ip-172-31-27-72:~# docker ps
CONTAINER ID   IMAGE          COMMAND                  CREATED              STAT                                                                                        US              PORTS                    NAMES
e510271af4b4   55653611667d   "bin/run.sh bin/sona…"   About a minute ago   Up A                                                                                        bout a minute   0.0.0.0:8085->9000/tcp   sonar1
526889d17d3d   55653611667d   "bin/run.sh bin/sona…"   9 minutes ago        Up 9                                                                                         minutes        0.0.0.0:9000->9000/tcp   sonar
root@ip-172-31-27-72:~# docker exec -it 526889d17d3d bash
bash-5.1# cd /
bash-5.1# ls -ll
total 68
drwxr-xr-x    1 root     root          4096 Jul 28 23:40 bin
drwxr-xr-x    5 root     root           360 Aug  3 03:16 dev
drwxr-xr-x    1 root     root          4096 Aug  3 03:16 etc
drwxr-xr-x    1 root     root          4096 Jul 28 23:40 home
drwxr-xr-x    1 root     root          4096 Jul 28 23:41 lib
drwxr-xr-x    2 root     root          4096 Jul  2 18:29 lib64
drwxr-xr-x    5 root     root          4096 Jun 15 14:34 media
drwxr-xr-x    2 root     root          4096 Jun 15 14:34 mnt
drwxr-xr-x    1 root     root          4096 Jul 28 23:41 opt
dr-xr-xr-x  220 root     root             0 Aug  3 03:16 proc
drwx------    1 root     root          4096 Jul 28 23:40 root
drwxr-xr-x    2 root     root          4096 Jun 15 14:34 run
drwxr-xr-x    1 root     root          4096 Jul 28 23:40 sbin
drwxr-xr-x    2 root     root          4096 Jun 15 14:34 srv
dr-xr-xr-x   13 root     root             0 Aug  3 03:16 sys
drwxrwxrwt    1 root     root          4096 Aug  3 03:16 tmp
drwxr-xr-x    1 root     root          4096 Jul 28 23:41 usr
drwxr-xr-x    1 root     root          4096 Jun 15 14:34 var
bash-5.1# netstat -plunt
Active Internet connections (only servers)
Proto Recv-Q Send-Q Local Address           Foreign Address         State       PID/Program name
tcp        0      0 127.0.0.1:9092          0.0.0.0:*               LISTEN      -
tcp        0      0 0.0.0.0:9000            0.0.0.0:*               LISTEN      -
tcp        0      0 127.0.0.1:9001          0.0.0.0:*               LISTEN      -
tcp        0      0 127.0.0.1:39053         0.0.0.0:*               LISTEN      -
tcp        0      0 127.0.0.1:41781         0.0.0.0:*               LISTEN      -
bash-5.1# cat /etc/os-release
NAME="Alpine Linux"
ID=alpine
VERSION_ID=3.14.0
PRETTY_NAME="Alpine Linux v3.14"
HOME_URL="https://alpinelinux.org/"
BUG_REPORT_URL="https://bugs.alpinelinux.org/"
bash-5.1# exit
exit
root@ip-172-31-27-72:~# docker exec -it 526889d17d3d
"docker exec" requires at least 2 arguments.
See 'docker exec --help'.

Usage:  docker exec [OPTIONS] CONTAINER COMMAND [ARG...]

Run a command in a running container
root@ip-172-31-27-72:~# /bin/bash
root@ip-172-31-27-72:~# ls -ll
total 4
drwxr-xr-x 4 root root 4096 Aug  3 02:55 snap
root@ip-172-31-27-72:~# ls
snap
root@ip-172-31-27-72:~# cd ..
root@ip-172-31-27-72:/# ls
bin  boot  dev  etc  home  lib  lib32  lib64  libx32  lost+found  media  mnt  opt  proc  root  run  sbin  snap  srv  sys  tmp  usr  var
root@ip-172-31-27-72:/# docker ps
CONTAINER ID   IMAGE          COMMAND                  CREATED          STATUS          PORTS                    NAMES
e510271af4b4   55653611667d   "bin/run.sh bin/sona…"   7 minutes ago    Up 7 minutes    0.0.0.0:8085->9000/tcp   sonar1
526889d17d3d   55653611667d   "bin/run.sh bin/sona…"   16 minutes ago   Up 16 minutes   0.0.0.0:9000->9000/tcp   sonar
root@ip-172-31-27-72:/# docker exec -it e510271af4b4 sh
/opt/sonarqube # ^C
/opt/sonarqube #
